[0m19:11:58.560839 [debug] [MainThread]: Sending event: {'category': 'dbt', 'action': 'invocation', 'label': 'start', 'context': [<snowplow_tracker.self_describing_json.SelfDescribingJson object at 0x0000021C7B9114F0>, <snowplow_tracker.self_describing_json.SelfDescribingJson object at 0x0000021C7B910D70>, <snowplow_tracker.self_describing_json.SelfDescribingJson object at 0x0000021C7B910D10>]}


============================== 19:11:58.665128 | a8679726-0fb0-4a75-81ac-547241b70dd3 ==============================
[0m19:11:58.665128 [info ] [MainThread]: Running with dbt=1.11.7
[0m19:11:58.666119 [debug] [MainThread]: running dbt with arguments {'version_check': 'True', 'no_print': 'None', 'static_parser': 'True', 'warn_error_options': 'WarnErrorOptionsV2(error=[], warn=[], silence=[])', 'target_path': 'None', 'printer_width': '80', 'write_json': 'True', 'empty': 'None', 'log_cache_events': 'False', 'introspect': 'True', 'cache_selected_only': 'False', 'log_format': 'default', 'debug': 'False', 'fail_fast': 'False', 'partial_parse': 'True', 'send_anonymous_usage_stats': 'True', 'quiet': 'False', 'warn_error': 'None', 'profiles_dir': 'C:\\Users\\atulm\\.dbt', 'indirect_selection': 'eager', 'invocation_command': 'dbt init', 'use_colors': 'True', 'use_experimental_parser': 'False', 'log_path': 'logs'}
[0m19:12:16.403701 [debug] [MainThread]: Starter project path: C:\Users\atulm\Desktop\Data Analytics\DBT\Project\.venv\Lib\site-packages\dbt\include\starter_project
[0m19:12:16.444884 [info ] [MainThread]: 
Your new dbt project "customer_risk" was created!

For more information on how to configure the profiles.yml file,
please consult the dbt documentation here:

  https://docs.getdbt.com/docs/configure-your-profile

One more thing:

Need help? Don't hesitate to reach out to us via GitHub issues or on Slack:

  https://community.getdbt.com/

Happy modeling!

[0m19:12:16.445541 [info ] [MainThread]: Setting up your profile.
[0m19:12:27.633747 [debug] [MainThread]: Spark adapter: Setting pyhive.hive logging to ERROR
[0m19:12:27.634747 [debug] [MainThread]: Spark adapter: Setting thrift.transport logging to ERROR
[0m19:12:27.634747 [debug] [MainThread]: Spark adapter: Setting thrift.protocol logging to ERROR
[0m19:14:55.315422 [info ] [MainThread]: Profile customer_risk written to C:\Users\atulm\.dbt\profiles.yml using target's profile_template.yml and your supplied values. Run 'dbt debug' to validate the connection.
[0m19:14:55.317435 [debug] [MainThread]: Command `dbt init` succeeded at 19:14:55.317435 after 176.89 seconds
[0m19:14:55.317435 [debug] [MainThread]: Sending event: {'category': 'dbt', 'action': 'invocation', 'label': 'end', 'context': [<snowplow_tracker.self_describing_json.SelfDescribingJson object at 0x0000021C7B715670>, <snowplow_tracker.self_describing_json.SelfDescribingJson object at 0x0000021C182BA540>, <snowplow_tracker.self_describing_json.SelfDescribingJson object at 0x0000021C18AB32C0>]}
[0m19:14:55.318428 [debug] [MainThread]: Flushing usage events
[0m19:14:56.799027 [debug] [MainThread]: An error was encountered while trying to flush usage events
[0m20:01:52.406174 [debug] [MainThread]: Sending event: {'category': 'dbt', 'action': 'invocation', 'label': 'start', 'context': [<snowplow_tracker.self_describing_json.SelfDescribingJson object at 0x000001FF176FE390>, <snowplow_tracker.self_describing_json.SelfDescribingJson object at 0x000001FF17C0AA20>, <snowplow_tracker.self_describing_json.SelfDescribingJson object at 0x000001FF16F7B740>]}


============================== 20:01:52.410176 | 6377f401-e3bc-4770-987e-5307e1ffeaeb ==============================
[0m20:01:52.410176 [info ] [MainThread]: Running with dbt=1.11.7
[0m20:01:52.411140 [debug] [MainThread]: running dbt with arguments {'version_check': 'True', 'no_print': 'None', 'static_parser': 'True', 'warn_error_options': 'WarnErrorOptionsV2(error=[], warn=[], silence=[])', 'target_path': 'None', 'printer_width': '80', 'write_json': 'True', 'empty': 'False', 'log_cache_events': 'False', 'introspect': 'True', 'cache_selected_only': 'False', 'fail_fast': 'False', 'debug': 'False', 'log_format': 'default', 'partial_parse': 'True', 'send_anonymous_usage_stats': 'True', 'quiet': 'False', 'warn_error': 'None', 'profiles_dir': 'C:\\Users\\atulm\\.dbt', 'invocation_command': 'dbt run --select bronze_retention_risk_analytics', 'indirect_selection': 'eager', 'use_colors': 'True', 'use_experimental_parser': 'False', 'log_path': 'logs'}
[0m20:01:52.411140 [error] [MainThread]: Encountered an error:
Runtime Error
  No dbt_project.yml found at expected path C:\Users\atulm\Desktop\Data Analytics\DBT\Project\dbt_project.yml
  Verify that each entry within packages.yml (and their transitive dependencies) contains a file named dbt_project.yml
  
[0m20:01:52.413185 [debug] [MainThread]: Command `dbt run` failed at 20:01:52.412241 after 0.14 seconds
[0m20:01:52.413185 [debug] [MainThread]: Sending event: {'category': 'dbt', 'action': 'invocation', 'label': 'end', 'context': [<snowplow_tracker.self_describing_json.SelfDescribingJson object at 0x000001FF17832FC0>, <snowplow_tracker.self_describing_json.SelfDescribingJson object at 0x000001FF1787CBF0>, <snowplow_tracker.self_describing_json.SelfDescribingJson object at 0x000001FF17B4A990>]}
[0m20:01:52.413185 [debug] [MainThread]: Flushing usage events
[0m20:01:54.088258 [debug] [MainThread]: An error was encountered while trying to flush usage events
[0m23:23:40.662396 [debug] [MainThread]: Sending event: {'category': 'dbt', 'action': 'invocation', 'label': 'start', 'context': [<snowplow_tracker.self_describing_json.SelfDescribingJson object at 0x000002A59972E360>, <snowplow_tracker.self_describing_json.SelfDescribingJson object at 0x000002A59972F1D0>, <snowplow_tracker.self_describing_json.SelfDescribingJson object at 0x000002A59972F350>]}


============================== 23:23:40.674398 | dd97aeb9-4c1c-44ec-98e2-0a3e720a3d8d ==============================
[0m23:23:40.674398 [info ] [MainThread]: Running with dbt=1.11.7
[0m23:23:40.675306 [debug] [MainThread]: running dbt with arguments {'static_parser': 'True', 'no_print': 'None', 'version_check': 'True', 'warn_error_options': 'WarnErrorOptionsV2(error=[], warn=[], silence=[])', 'target_path': 'None', 'printer_width': '80', 'write_json': 'True', 'empty': 'False', 'log_cache_events': 'False', 'introspect': 'True', 'cache_selected_only': 'False', 'fail_fast': 'False', 'debug': 'False', 'log_format': 'default', 'partial_parse': 'True', 'send_anonymous_usage_stats': 'True', 'quiet': 'False', 'warn_error': 'None', 'profiles_dir': 'C:\\Users\\atulm\\.dbt', 'invocation_command': 'dbt run', 'use_colors': 'True', 'indirect_selection': 'eager', 'use_experimental_parser': 'False', 'log_path': 'logs'}
[0m23:23:40.676306 [error] [MainThread]: Encountered an error:
Runtime Error
  No dbt_project.yml found at expected path C:\Users\atulm\Desktop\Data Analytics\DBT\Project\dbt_project.yml
  Verify that each entry within packages.yml (and their transitive dependencies) contains a file named dbt_project.yml
  
[0m23:23:40.678304 [debug] [MainThread]: Command `dbt run` failed at 23:23:40.678304 after 0.25 seconds
[0m23:23:40.679306 [debug] [MainThread]: Sending event: {'category': 'dbt', 'action': 'invocation', 'label': 'end', 'context': [<snowplow_tracker.self_describing_json.SelfDescribingJson object at 0x000002A599AC67E0>, <snowplow_tracker.self_describing_json.SelfDescribingJson object at 0x000002A5997976E0>, <snowplow_tracker.self_describing_json.SelfDescribingJson object at 0x000002A599795070>]}
[0m23:23:40.679306 [debug] [MainThread]: Flushing usage events
[0m23:23:43.125630 [debug] [MainThread]: An error was encountered while trying to flush usage events
[0m00:16:03.291746 [debug] [MainThread]: Sending event: {'category': 'dbt', 'action': 'invocation', 'label': 'start', 'context': [<snowplow_tracker.self_describing_json.SelfDescribingJson object at 0x0000024CE0523F80>, <snowplow_tracker.self_describing_json.SelfDescribingJson object at 0x0000024CDFED2750>, <snowplow_tracker.self_describing_json.SelfDescribingJson object at 0x0000024CE0521E80>]}


============================== 00:16:03.301490 | 97032c20-d377-4a7a-88f9-4622e1cd8dfb ==============================
[0m00:16:03.301490 [info ] [MainThread]: Running with dbt=1.11.7
[0m00:16:03.302497 [debug] [MainThread]: running dbt with arguments {'static_parser': 'True', 'no_print': 'None', 'version_check': 'True', 'warn_error_options': 'WarnErrorOptionsV2(error=[], warn=[], silence=[])', 'target_path': 'None', 'printer_width': '80', 'write_json': 'True', 'empty': 'False', 'log_cache_events': 'False', 'introspect': 'True', 'cache_selected_only': 'False', 'fail_fast': 'False', 'debug': 'False', 'log_format': 'default', 'profiles_dir': 'C:\\Users\\atulm\\.dbt', 'send_anonymous_usage_stats': 'True', 'quiet': 'False', 'warn_error': 'None', 'partial_parse': 'True', 'use_colors': 'True', 'indirect_selection': 'eager', 'invocation_command': 'dbt run --select gold', 'use_experimental_parser': 'False', 'log_path': 'logs'}
[0m00:16:03.306022 [error] [MainThread]: Encountered an error:
Runtime Error
  No dbt_project.yml found at expected path C:\Users\atulm\Desktop\Data Analytics\DBT\Project\dbt_project.yml
  Verify that each entry within packages.yml (and their transitive dependencies) contains a file named dbt_project.yml
  
[0m00:16:03.308014 [debug] [MainThread]: Command `dbt run` failed at 00:16:03.307014 after 0.24 seconds
[0m00:16:03.308554 [debug] [MainThread]: Sending event: {'category': 'dbt', 'action': 'invocation', 'label': 'end', 'context': [<snowplow_tracker.self_describing_json.SelfDescribingJson object at 0x0000024CE0818200>, <snowplow_tracker.self_describing_json.SelfDescribingJson object at 0x0000024CE0376960>, <snowplow_tracker.self_describing_json.SelfDescribingJson object at 0x0000024CE0B512E0>]}
[0m00:16:03.309572 [debug] [MainThread]: Flushing usage events
[0m00:16:05.181731 [debug] [MainThread]: An error was encountered while trying to flush usage events
[0m00:32:43.537909 [debug] [MainThread]: Sending event: {'category': 'dbt', 'action': 'invocation', 'label': 'start', 'context': [<snowplow_tracker.self_describing_json.SelfDescribingJson object at 0x000002707C9DD6D0>, <snowplow_tracker.self_describing_json.SelfDescribingJson object at 0x000002707CF75DF0>, <snowplow_tracker.self_describing_json.SelfDescribingJson object at 0x000002707CE2B9B0>]}


============================== 00:32:43.542910 | 3462609e-f46e-432e-9213-02161aa9c538 ==============================
[0m00:32:43.542910 [info ] [MainThread]: Running with dbt=1.11.7
[0m00:32:43.542910 [debug] [MainThread]: running dbt with arguments {'static_parser': 'True', 'no_print': 'None', 'version_check': 'True', 'target_path': 'None', 'warn_error_options': 'WarnErrorOptionsV2(error=[], warn=[], silence=[])', 'printer_width': '80', 'write_json': 'True', 'empty': 'False', 'log_cache_events': 'False', 'introspect': 'True', 'cache_selected_only': 'False', 'fail_fast': 'False', 'debug': 'False', 'log_format': 'default', 'profiles_dir': 'C:\\Users\\atulm\\.dbt', 'send_anonymous_usage_stats': 'True', 'quiet': 'False', 'warn_error': 'None', 'partial_parse': 'True', 'indirect_selection': 'eager', 'invocation_command': 'dbt run', 'use_colors': 'True', 'use_experimental_parser': 'False', 'log_path': 'logs'}
[0m00:32:43.544479 [error] [MainThread]: Encountered an error:
Runtime Error
  No dbt_project.yml found at expected path C:\Users\atulm\Desktop\Data Analytics\DBT\Project\dbt_project.yml
  Verify that each entry within packages.yml (and their transitive dependencies) contains a file named dbt_project.yml
  
[0m00:32:43.545559 [debug] [MainThread]: Command `dbt run` failed at 00:32:43.545559 after 0.14 seconds
[0m00:32:43.545559 [debug] [MainThread]: Sending event: {'category': 'dbt', 'action': 'invocation', 'label': 'end', 'context': [<snowplow_tracker.self_describing_json.SelfDescribingJson object at 0x000002707C9DD6D0>, <snowplow_tracker.self_describing_json.SelfDescribingJson object at 0x000002707D730650>, <snowplow_tracker.self_describing_json.SelfDescribingJson object at 0x000002707D7304D0>]}
[0m00:32:43.546495 [debug] [MainThread]: Flushing usage events
[0m00:32:45.805038 [debug] [MainThread]: An error was encountered while trying to flush usage events
[0m01:38:53.109155 [debug] [MainThread]: Sending event: {'category': 'dbt', 'action': 'invocation', 'label': 'start', 'context': [<snowplow_tracker.self_describing_json.SelfDescribingJson object at 0x000002053137D9D0>, <snowplow_tracker.self_describing_json.SelfDescribingJson object at 0x0000020530B53BF0>, <snowplow_tracker.self_describing_json.SelfDescribingJson object at 0x0000020530B53980>]}


============================== 01:38:53.119945 | a607df7a-83fc-4fa0-b3fc-bfc46d4c74df ==============================
[0m01:38:53.119945 [info ] [MainThread]: Running with dbt=1.11.7
[0m01:38:53.120944 [debug] [MainThread]: running dbt with arguments {'version_check': 'True', 'no_print': 'None', 'static_parser': 'True', 'warn_error_options': 'WarnErrorOptionsV2(error=[], warn=[], silence=[])', 'target_path': 'None', 'printer_width': '80', 'write_json': 'True', 'introspect': 'True', 'log_cache_events': 'False', 'empty': 'None', 'cache_selected_only': 'False', 'fail_fast': 'False', 'debug': 'False', 'log_format': 'default', 'partial_parse': 'True', 'send_anonymous_usage_stats': 'True', 'quiet': 'False', 'warn_error': 'None', 'profiles_dir': 'C:\\Users\\atulm\\.dbt', 'indirect_selection': 'eager', 'use_colors': 'True', 'invocation_command': 'dbt test', 'use_experimental_parser': 'False', 'log_path': 'logs'}
[0m01:38:53.122951 [error] [MainThread]: Encountered an error:
Runtime Error
  No dbt_project.yml found at expected path C:\Users\atulm\Desktop\Data Analytics\DBT\Project\dbt_project.yml
  Verify that each entry within packages.yml (and their transitive dependencies) contains a file named dbt_project.yml
  
[0m01:38:53.124964 [debug] [MainThread]: Command `dbt test` failed at 01:38:53.123946 after 0.22 seconds
[0m01:38:53.124964 [debug] [MainThread]: Sending event: {'category': 'dbt', 'action': 'invocation', 'label': 'end', 'context': [<snowplow_tracker.self_describing_json.SelfDescribingJson object at 0x00000205315B50A0>, <snowplow_tracker.self_describing_json.SelfDescribingJson object at 0x0000020530CC5DF0>, <snowplow_tracker.self_describing_json.SelfDescribingJson object at 0x000002053137D9D0>]}
[0m01:38:53.125962 [debug] [MainThread]: Flushing usage events
[0m01:38:55.146079 [debug] [MainThread]: An error was encountered while trying to flush usage events
[0m10:57:37.792364 [debug] [MainThread]: Sending event: {'category': 'dbt', 'action': 'invocation', 'label': 'start', 'context': [<snowplow_tracker.self_describing_json.SelfDescribingJson object at 0x0000023A53EDDC70>, <snowplow_tracker.self_describing_json.SelfDescribingJson object at 0x0000023A5758DC70>, <snowplow_tracker.self_describing_json.SelfDescribingJson object at 0x0000023A575F1190>]}


============================== 10:57:37.803364 | 80ff5ef3-adca-4260-a87b-52500f7cdb5e ==============================
[0m10:57:37.803364 [info ] [MainThread]: Running with dbt=1.11.7
[0m10:57:37.804362 [debug] [MainThread]: running dbt with arguments {'version_check': 'True', 'no_print': 'None', 'static_parser': 'True', 'target_path': 'None', 'warn_error_options': 'WarnErrorOptionsV2(error=[], warn=[], silence=[])', 'printer_width': '80', 'write_json': 'True', 'introspect': 'True', 'log_cache_events': 'False', 'empty': 'None', 'cache_selected_only': 'False', 'fail_fast': 'False', 'debug': 'False', 'log_format': 'default', 'partial_parse': 'True', 'send_anonymous_usage_stats': 'True', 'quiet': 'False', 'warn_error': 'None', 'profiles_dir': 'C:\\Users\\atulm\\.dbt', 'use_colors': 'True', 'invocation_command': 'dbt seed', 'indirect_selection': 'eager', 'use_experimental_parser': 'False', 'log_path': 'logs'}
[0m10:57:37.805385 [error] [MainThread]: Encountered an error:
Runtime Error
  No dbt_project.yml found at expected path C:\Users\atulm\Desktop\Data Analytics\DBT\Project\dbt_project.yml
  Verify that each entry within packages.yml (and their transitive dependencies) contains a file named dbt_project.yml
  
[0m10:57:37.807546 [debug] [MainThread]: Command `dbt seed` failed at 10:57:37.807546 after 0.27 seconds
[0m10:57:37.807546 [debug] [MainThread]: Sending event: {'category': 'dbt', 'action': 'invocation', 'label': 'end', 'context': [<snowplow_tracker.self_describing_json.SelfDescribingJson object at 0x0000023A57B35D30>, <snowplow_tracker.self_describing_json.SelfDescribingJson object at 0x0000023A57B35490>, <snowplow_tracker.self_describing_json.SelfDescribingJson object at 0x0000023A57B35F40>]}
[0m10:57:37.808545 [debug] [MainThread]: Flushing usage events
[0m10:57:40.690795 [debug] [MainThread]: An error was encountered while trying to flush usage events
[0m15:02:38.358483 [debug] [MainThread]: Sending event: {'category': 'dbt', 'action': 'invocation', 'label': 'start', 'context': [<snowplow_tracker.self_describing_json.SelfDescribingJson object at 0x000001E1A2243FB0>, <snowplow_tracker.self_describing_json.SelfDescribingJson object at 0x000001E1A1CD61E0>, <snowplow_tracker.self_describing_json.SelfDescribingJson object at 0x000001E1A22411F0>]}


============================== 15:02:38.367037 | 87f808e0-497b-47ce-9d9e-c614b3332565 ==============================
[0m15:02:38.367037 [info ] [MainThread]: Running with dbt=1.11.7
[0m15:02:38.369036 [debug] [MainThread]: running dbt with arguments {'static_parser': 'True', 'no_print': 'None', 'version_check': 'True', 'target_path': 'None', 'warn_error_options': 'WarnErrorOptionsV2(error=[], warn=[], silence=[])', 'printer_width': '80', 'write_json': 'True', 'introspect': 'True', 'log_cache_events': 'False', 'empty': 'None', 'cache_selected_only': 'False', 'fail_fast': 'False', 'debug': 'False', 'log_format': 'default', 'partial_parse': 'True', 'send_anonymous_usage_stats': 'True', 'quiet': 'False', 'warn_error': 'None', 'profiles_dir': 'C:\\Users\\atulm\\.dbt', 'use_colors': 'True', 'invocation_command': 'dbt docs generate', 'indirect_selection': 'eager', 'use_experimental_parser': 'False', 'log_path': 'logs'}
[0m15:02:38.370039 [error] [MainThread]: Encountered an error:
Runtime Error
  No dbt_project.yml found at expected path C:\Users\atulm\Desktop\Data Analytics\DBT\Project\dbt_project.yml
  Verify that each entry within packages.yml (and their transitive dependencies) contains a file named dbt_project.yml
  
[0m15:02:38.372043 [debug] [MainThread]: Command `dbt docs generate` failed at 15:02:38.372043 after 0.27 seconds
[0m15:02:38.372043 [debug] [MainThread]: Sending event: {'category': 'dbt', 'action': 'invocation', 'label': 'end', 'context': [<snowplow_tracker.self_describing_json.SelfDescribingJson object at 0x000001E1A1BCDA30>, <snowplow_tracker.self_describing_json.SelfDescribingJson object at 0x000001E1A26E8620>, <snowplow_tracker.self_describing_json.SelfDescribingJson object at 0x000001E1A2872690>]}
[0m15:02:38.373053 [debug] [MainThread]: Flushing usage events
[0m15:02:40.476808 [debug] [MainThread]: An error was encountered while trying to flush usage events
[0m15:27:31.643980 [debug] [MainThread]: Sending event: {'category': 'dbt', 'action': 'invocation', 'label': 'start', 'context': [<snowplow_tracker.self_describing_json.SelfDescribingJson object at 0x000002554907D250>, <snowplow_tracker.self_describing_json.SelfDescribingJson object at 0x000002554907E5A0>, <snowplow_tracker.self_describing_json.SelfDescribingJson object at 0x0000025545A1E3C0>]}


============================== 15:27:31.649003 | 193d9dce-7212-402e-9358-cd83ecad3d45 ==============================
[0m15:27:31.649003 [info ] [MainThread]: Running with dbt=1.11.7
[0m15:27:31.650001 [debug] [MainThread]: running dbt with arguments {'static_parser': 'True', 'no_print': 'None', 'version_check': 'True', 'warn_error_options': 'WarnErrorOptionsV2(error=[], warn=[], silence=[])', 'target_path': 'None', 'printer_width': '80', 'write_json': 'True', 'introspect': 'True', 'log_cache_events': 'False', 'empty': 'None', 'cache_selected_only': 'False', 'log_format': 'default', 'debug': 'False', 'fail_fast': 'False', 'partial_parse': 'True', 'send_anonymous_usage_stats': 'True', 'quiet': 'False', 'warn_error': 'None', 'profiles_dir': 'C:\\Users\\atulm\\.dbt', 'indirect_selection': 'eager', 'use_colors': 'True', 'invocation_command': 'dbt docs generate', 'use_experimental_parser': 'False', 'log_path': 'logs'}
[0m15:27:31.650968 [error] [MainThread]: Encountered an error:
Runtime Error
  No dbt_project.yml found at expected path C:\Users\atulm\Desktop\Data Analytics\DBT\Project\dbt_project.yml
  Verify that each entry within packages.yml (and their transitive dependencies) contains a file named dbt_project.yml
  
[0m15:27:31.652002 [debug] [MainThread]: Command `dbt docs generate` failed at 15:27:31.650968 after 0.15 seconds
[0m15:27:31.652002 [debug] [MainThread]: Sending event: {'category': 'dbt', 'action': 'invocation', 'label': 'end', 'context': [<snowplow_tracker.self_describing_json.SelfDescribingJson object at 0x00000255491B7470>, <snowplow_tracker.self_describing_json.SelfDescribingJson object at 0x0000025549711FD0>, <snowplow_tracker.self_describing_json.SelfDescribingJson object at 0x0000025549711EB0>]}
[0m15:27:31.652541 [debug] [MainThread]: Flushing usage events
[0m15:27:33.185548 [debug] [MainThread]: An error was encountered while trying to flush usage events
[0m23:26:47.949993 [debug] [MainThread]: Sending event: {'category': 'dbt', 'action': 'invocation', 'label': 'start', 'context': [<snowplow_tracker.self_describing_json.SelfDescribingJson object at 0x000001BA503F2570>, <snowplow_tracker.self_describing_json.SelfDescribingJson object at 0x000001BA50332EA0>, <snowplow_tracker.self_describing_json.SelfDescribingJson object at 0x000001BA506D36E0>]}


============================== 23:26:47.954011 | 048e2ca4-3001-4205-b3ad-4a8bea6c0a26 ==============================
[0m23:26:47.954011 [info ] [MainThread]: Running with dbt=1.11.7
[0m23:26:47.955518 [debug] [MainThread]: running dbt with arguments {'version_check': 'True', 'no_print': 'None', 'static_parser': 'True', 'target_path': 'None', 'warn_error_options': 'WarnErrorOptionsV2(error=[], warn=[], silence=[])', 'printer_width': '80', 'write_json': 'True', 'empty': 'False', 'log_cache_events': 'False', 'introspect': 'True', 'cache_selected_only': 'False', 'log_format': 'default', 'debug': 'False', 'fail_fast': 'False', 'partial_parse': 'True', 'send_anonymous_usage_stats': 'True', 'quiet': 'False', 'warn_error': 'None', 'profiles_dir': 'C:\\Users\\atulm\\.dbt', 'invocation_command': 'dbt run', 'indirect_selection': 'eager', 'use_colors': 'True', 'use_experimental_parser': 'False', 'log_path': 'logs'}
[0m23:26:47.955518 [error] [MainThread]: Encountered an error:
Runtime Error
  No dbt_project.yml found at expected path C:\Users\atulm\Desktop\Data Analytics\DBT\Project\dbt_project.yml
  Verify that each entry within packages.yml (and their transitive dependencies) contains a file named dbt_project.yml
  
[0m23:26:47.956534 [debug] [MainThread]: Command `dbt run` failed at 23:26:47.956534 after 0.13 seconds
[0m23:26:47.957526 [debug] [MainThread]: Sending event: {'category': 'dbt', 'action': 'invocation', 'label': 'end', 'context': [<snowplow_tracker.self_describing_json.SelfDescribingJson object at 0x000001BA500267B0>, <snowplow_tracker.self_describing_json.SelfDescribingJson object at 0x000001BA4FDBC920>, <snowplow_tracker.self_describing_json.SelfDescribingJson object at 0x000001BA50332EA0>]}
[0m23:26:47.957526 [debug] [MainThread]: Flushing usage events
[0m23:26:49.490646 [debug] [MainThread]: An error was encountered while trying to flush usage events
[0m23:32:43.466398 [debug] [MainThread]: Sending event: {'category': 'dbt', 'action': 'invocation', 'label': 'start', 'context': [<snowplow_tracker.self_describing_json.SelfDescribingJson object at 0x0000013CD36408C0>, <snowplow_tracker.self_describing_json.SelfDescribingJson object at 0x0000013CD3551370>, <snowplow_tracker.self_describing_json.SelfDescribingJson object at 0x0000013CD3643590>]}


============================== 23:32:43.471537 | eb5a9086-6905-4acd-b94a-c46788c513e2 ==============================
[0m23:32:43.471537 [info ] [MainThread]: Running with dbt=1.11.7
[0m23:32:43.472495 [debug] [MainThread]: running dbt with arguments {'static_parser': 'True', 'no_print': 'None', 'version_check': 'True', 'warn_error_options': 'WarnErrorOptionsV2(error=[], warn=[], silence=[])', 'target_path': 'None', 'printer_width': '80', 'write_json': 'True', 'introspect': 'True', 'log_cache_events': 'False', 'empty': 'None', 'cache_selected_only': 'False', 'fail_fast': 'False', 'debug': 'False', 'log_format': 'default', 'profiles_dir': 'C:\\Users\\atulm\\.dbt', 'send_anonymous_usage_stats': 'True', 'quiet': 'False', 'warn_error': 'None', 'partial_parse': 'True', 'indirect_selection': 'eager', 'use_colors': 'True', 'invocation_command': 'dbt docs generate', 'use_experimental_parser': 'False', 'log_path': 'logs'}
[0m23:32:43.472495 [error] [MainThread]: Encountered an error:
Runtime Error
  No dbt_project.yml found at expected path C:\Users\atulm\Desktop\Data Analytics\DBT\Project\dbt_project.yml
  Verify that each entry within packages.yml (and their transitive dependencies) contains a file named dbt_project.yml
  
[0m23:32:43.473449 [debug] [MainThread]: Command `dbt docs generate` failed at 23:32:43.473449 after 0.15 seconds
[0m23:32:43.473449 [debug] [MainThread]: Sending event: {'category': 'dbt', 'action': 'invocation', 'label': 'end', 'context': [<snowplow_tracker.self_describing_json.SelfDescribingJson object at 0x0000013CD3A4C1A0>, <snowplow_tracker.self_describing_json.SelfDescribingJson object at 0x0000013CD3AE6C60>, <snowplow_tracker.self_describing_json.SelfDescribingJson object at 0x0000013CD3C578F0>]}
[0m23:32:43.474529 [debug] [MainThread]: Flushing usage events
[0m23:32:44.903537 [debug] [MainThread]: An error was encountered while trying to flush usage events
